{"timestamp":"2026-08-17T23:55:03.856Z","event":"visit","ip":"::1"}
{"timestamp":"2026-08-17T23:55:04.328Z","event":"payment","ip":"::1","discord":"usuario#1234"}
{"timestamp":"2026-08-17T23:56:21.690Z","event":"visit","ip":"::1"}
{"timestamp":"2026-08-17T23:57:40.584Z","event":"visit","ip":"::1"}
{"timestamp":"2026-08-17T23:57:40.595Z","event":"payment","ip":"::1","discord":"usuario#1234"}
{"timestamp":"2026-08-17T23:57:48.443Z","event":"visit","ip":"::1"}
{"timestamp":"2026-08-17T23:57:58.669Z","event":"payment","ip":"::1","discord":"pablito123"}
{"timestamp":"2026-08-17T23:59:16.634Z","event":"visit","ip":"::1"}
{"timestamp":"2026-08-17T23:59:20.602Z","event":"visit","ip":"::1"}
{"timestamp":"2026-08-17T23:59:23.522Z","event":"payment","ip":"::1","discord":"usuario#1234"}
{"timestamp":"2026-08-17T23:59:47.603Z","event":"visit","ip":"::1"}
{"timestamp":"2026-08-18T00:03:11.843Z","event":"visit","ip":"::1"}
{"timestamp":"2026-08-18T00:03:11.874Z","event":"payment","ip":"::1","discord":"usuario#1234"}
{"timestamp":"2026-08-18T00:04:02.552Z","event":"visit","ip":"::1"}
{"timestamp":"2026-08-18T00:05:04.943Z","event":"visit","ip":"::1"}
{"timestamp":"2026-08-18T00:05:04.957Z","event":"payment","ip":"::1","discord":"usuario#1234"}
{"timestamp":"2026-08-18T00:06:43.534Z","event":"visit","ip":"::1"}
{"timestamp":"2026-08-18T00:06:43.547Z","event":"payment","ip":"::1","discord":"usuario#1234"}
{"timestamp":"2026-08-18T00:09:10.707Z","event":"payment","ip":"::1","discord":"pablo"}
{"timestamp":"2026-08-18T00:12:00.990Z","event":"visit","ip":"::1"}
{"timestamp":"2026-08-18T00:12:01.001Z","event":"payment","ip":"::1","discord":"usuario#1234"}
{"timestamp":"2026-08-18T00:12:47.140Z","event":"visit","ip":"::1"}
{"timestamp":"2026-08-18T00:12:47.150Z","event":"payment","ip":"::1","discord":"usuario#1234"}
{"timestamp":"2026-08-18T00:13:53.793Z","event":"visit","ip":"::1"}
{"timestamp":"2026-08-18T00:13:53.803Z","event":"payment","ip":"::1","discord":"usuario#1234"}
{"timestamp":"2026-08-18T13:36:00.775Z","event":"visit","ip":"unknown","country":"Desconocido","countryCode":"XX"}
{"timestamp":"2026-08-18T13:36:08.122Z","event":"visit","ip":"unknown","country":"Desconocido","countryCode":"XX"}
{"timestamp":"2026-08-18T13:36:18.177Z","event":"visit","ip":"unknown","country":"Desconocido","countryCode":"XX"}
{"timestamp":"2026-08-18T13:36:36.944Z","event":"payment","ip":"unknown","country":"Desconocido","countryCode":"XX","discord":"usuario#1234"}
{"timestamp":"2026-08-18T13:36:49.415Z","event":"visit","ip":"38.183.114.77","country":"Venezuela","countryCode":"VE"}
{"timestamp":"2026-08-18T13:37:09.855Z","event":"visit","ip":"unknown","country":"Desconocido","countryCode":"XX"}
{"timestamp":"2026-08-18T13:37:32.808Z","event":"visit","ip":"38.183.114.77","country":"Venezuela","countryCode":"VE"}
{"timestamp":"2026-08-18T13:37:41.784Z","event":"visit","ip":"38.183.114.77","country":"Venezuela","countryCode":"VE"}
{"timestamp":"2026-08-18T13:37:49.281Z","event":"visit","ip":"unknown","country":"Desconocido","countryCode":"XX"}
{"timestamp":"2026-08-18T13:37:59.266Z","event":"visit","ip":"unknown","country":"Desconocido","countryCode":"XX"}
{"timestamp":"2026-08-18T13:38:02.667Z","event":"visit","ip":"38.183.114.77","country":"Venezuela","countryCode":"VE"}
{"timestamp":"2026-08-18T13:39:00.015Z","event":"visit","ip":"38.183.114.77","country":"Venezuela","countryCode":"VE"}
{"timestamp":"2026-08-18T13:39:28.599Z","event":"payment","ip":"unknown","country":"Desconocido","countryCode":"XX","discord":"pablo"}
{"timestamp":"2026-08-18T13:40:33.801Z","event":"visit","ip":"unknown","country":"Desconocido","countryCode":"XX"}
{"timestamp":"2026-08-18T13:40:47.121Z","event":"payment","ip":"38.183.114.77","country":"Venezuela","countryCode":"VE","discord":"usuario#1234"}
{"timestamp":"2026-08-18T13:40:53.596Z","event":"visit","ip":"unknown","country":"Desconocido","countryCode":"XX"}
{"timestamp":"2026-08-18T13:49:21.701Z","event":"payment","ip":"38.183.114.77","country":"Venezuela","countryCode":"VE","discord":"travesti"}
